// Jest Snapshot v1, https://goo.gl/fbAQLP

exports[`Chat.ContactSettings renders correctly 1`] = `
<RNCSafeAreaProvider
  onInsetsChange={[Function]}
  style={
    Array [
      Object {
        "flex": 1,
      },
      undefined,
    ]
  }
>
  <View
    style={
      Object {
        "flex": 1,
      }
    }
  >
    <View
      style={
        Object {
          "alignItems": "center",
          "height": "100%",
          "justifyContent": "center",
          "width": "100%",
        }
      }
    >
      <ActivityIndicator
        animating={true}
        color="#999999"
        hidesWhenStopped={true}
        size="small"
      />
    </View>
  </View>
</RNCSafeAreaProvider>
`;
